[dotenv@17.3.1] injecting env (9) from .env -- tip: 🔐 encrypt with Dotenvx: https://dotenvx.com
[dotenv@17.3.1] injecting env (9) from .env -- tip: ⚙️  specify custom .env file path with { path: '/custom/path/.env' }
[ToolpathStrategyRegistry] Milling Roughing: 72 strategies
[ToolpathStrategyRegistry] Milling Finishing: 79 strategies
[ToolpathStrategyRegistry] Hole Making: 51 strategies
[ToolpathStrategyRegistry] Turning: 52 strategies
[ToolpathStrategyRegistry] Multi-Axis: 56 strategies
[ToolpathStrategyRegistry] PRISM Novel: 58 strategies
[ToolpathStrategyRegistry] Initialized with 368 strategies:
  - Milling Roughing: 72
  - Milling Finishing: 79
  - Hole Making: 51
  - Turning: 52
  - Multi-Axis: 56
  - PRISM Novel: 58
[ToolpathStrategyRegistry] Extended Milling Roughing: 45 strategies
[ToolpathStrategyRegistry] Consolidated 336 extended strategies
[ToolpathStrategyRegistry] Total extended strategies: 336
[ToolpathStrategyRegistry] Extended stats: {
  "milling_roughing": 75,
  "milling_finishing": 66,
  "hole_making": 42,
  "turning": 56,
  "multiaxis": 97
}
[ToolpathStrategyRegistry] Loaded 28 strategies (Part 1)
[ThreadDataISO] Loaded 149 ISO metric threads
[ThreadDataUnified] Loaded 61 Unified threads
[ThreadDataPipe] Loaded 48 pipe threads
[ThreadDataAcme] Loaded 46 ACME + 35 Trapezoidal threads
[ThreadTools] Loaded 13 thread calculation tools (includes stripping strength)
[Hooks] Loaded 206 hooks across 17 categories
[Hooks] Critical: 47, Blocking: 63, Safety: 51
[dotenv@17.3.1] injecting env (0) from .env -- tip: 🔐 prevent building .env in docker: https://dotenvx.com/prebuild
