[INFO] ============================================================
[INFO] PRISM LATHE AI — FULL ARCHIVE DEEP LEARNING TRAINING
[INFO] Archive: H:/PRISM/JM DIE/CNC LATHE | Max: 2000 | Epochs: 30
[INFO] [Phase 1/5] Scanning archive for .MIN files...
[INFO]   Found: 2000 programs
[INFO] [Phase 2/5] Parsing programs (physics extraction)...
[DEBUG]   Parsed: 500/2000
[DEBUG]   Parsed: 1000/2000
[DEBUG]   Parsed: 1500/2000
[DEBUG]   Parsed: 2000/2000
[INFO]   Parsed: 2000 programs (0 errors)
[INFO] [Phase 3/5] Analyzing programs (physics validation)...
[DEBUG]   Analyzed: 500/2000
[DEBUG]   Analyzed: 1000/2000
[DEBUG]   Analyzed: 1500/2000
[DEBUG]   Analyzed: 2000/2000
[INFO]   Analyzed: 2000 programs
[INFO] [Phase 4/5] Training neural networks...
[INFO]   Neural network accuracy: 0.4%
[INFO]   Patterns learned: 0
[INFO]   Knowledge graph nodes: 1977
[INFO] [Phase 5/5] Generating comprehensive report...
[INFO]   Report saved: H:\PRISM\JM DIE\lathe-ai-training-report.json
[INFO] Training complete in 451.1s (225.5ms/program)
