[INFO] ============================================================
[INFO] PRISM LATHE AI — FULL ARCHIVE DEEP LEARNING TRAINING
[INFO] Archive: H:/PRISM/JM DIE/CNC LATHE | Max: 10000 | Epochs: 50
[INFO] [Phase 1/5] Scanning archive for .MIN files...
[INFO]   Found: 10000 programs
[INFO] [Phase 2/5] Parsing programs (physics extraction)...
[DEBUG]   Parsed: 500/10000
[DEBUG]   Parsed: 1000/10000
[DEBUG]   Parsed: 1500/10000
[DEBUG]   Parsed: 2000/10000
[DEBUG]   Parsed: 2500/10000
[DEBUG]   Parsed: 3000/10000
[DEBUG]   Parsed: 3500/10000
[DEBUG]   Parsed: 4000/10000
[DEBUG]   Parsed: 4500/10000
[DEBUG]   Parsed: 5000/10000
[DEBUG]   Parsed: 5500/10000
[DEBUG]   Parsed: 6000/10000
[DEBUG]   Parsed: 6500/10000
[DEBUG]   Parsed: 7000/10000
[DEBUG]   Parsed: 7500/10000
[DEBUG]   Parsed: 8000/10000
[DEBUG]   Parsed: 8500/10000
[DEBUG]   Parsed: 9000/10000
[DEBUG]   Parsed: 9500/10000
[DEBUG]   Parsed: 10000/10000
[INFO]   Parsed: 10000 programs (0 errors)
[INFO] [Phase 3/5] Analyzing programs (physics validation)...
[DEBUG]   Analyzed: 500/10000
[DEBUG]   Analyzed: 1000/10000
[DEBUG]   Analyzed: 1500/10000
[DEBUG]   Analyzed: 2000/10000
[DEBUG]   Analyzed: 2500/10000
[DEBUG]   Analyzed: 3000/10000
[DEBUG]   Analyzed: 3500/10000
[DEBUG]   Analyzed: 4000/10000
[DEBUG]   Analyzed: 4500/10000
[DEBUG]   Analyzed: 5000/10000
[DEBUG]   Analyzed: 5500/10000
[DEBUG]   Analyzed: 6000/10000
[DEBUG]   Analyzed: 6500/10000
[DEBUG]   Analyzed: 7000/10000
[DEBUG]   Analyzed: 7500/10000
[DEBUG]   Analyzed: 8000/10000
[DEBUG]   Analyzed: 8500/10000
[DEBUG]   Analyzed: 9000/10000
[DEBUG]   Analyzed: 9500/10000
[DEBUG]   Analyzed: 10000/10000
[INFO]   Analyzed: 10000 programs
[INFO] [Phase 4/5] Training neural networks...
[INFO]   Neural network accuracy: 0.0%
[INFO]   Patterns learned: 0
[INFO]   Knowledge graph nodes: 8800
[INFO] [Phase 5/5] Generating comprehensive report...
[INFO]   Report saved: H:\PRISM\JM DIE\lathe-ai-training-report.json
[INFO] Training complete in 2326.6s (232.7ms/program)
