[INFO] ============================================================
[INFO] PRISM LATHE AI — FULL ARCHIVE DEEP LEARNING TRAINING
[INFO] Archive: H:/PRISM/JM DIE/CNC LATHE | Max: 5000 | Epochs: 50
[INFO] [Phase 1/5] Scanning archive for .MIN files...
[INFO]   Found: 5000 programs
[INFO] [Phase 2/5] Parsing programs (physics extraction)...
[DEBUG]   Parsed: 500/5000
[DEBUG]   Parsed: 1000/5000
[DEBUG]   Parsed: 1500/5000
[DEBUG]   Parsed: 2000/5000
[DEBUG]   Parsed: 2500/5000
[DEBUG]   Parsed: 3000/5000
[DEBUG]   Parsed: 3500/5000
[DEBUG]   Parsed: 4000/5000
[DEBUG]   Parsed: 4500/5000
[DEBUG]   Parsed: 5000/5000
[INFO]   Parsed: 5000 programs (0 errors)
[INFO] [Phase 3/5] Analyzing programs (physics validation)...
[DEBUG]   Analyzed: 500/5000
[DEBUG]   Analyzed: 1000/5000
[DEBUG]   Analyzed: 1500/5000
[DEBUG]   Analyzed: 2000/5000
[DEBUG]   Analyzed: 2500/5000
[DEBUG]   Analyzed: 3000/5000
[DEBUG]   Analyzed: 3500/5000
[DEBUG]   Analyzed: 4000/5000
[DEBUG]   Analyzed: 4500/5000
[DEBUG]   Analyzed: 5000/5000
[INFO]   Analyzed: 5000 programs
[INFO] [Phase 4/5] Training neural networks...
[INFO]   Neural network accuracy: 0.1%
[INFO]   Patterns learned: 0
[INFO]   Knowledge graph nodes: 4541
[INFO] [Phase 5/5] Generating comprehensive report...
[INFO]   Report saved: H:\PRISM\JM DIE\lathe-ai-training-report.json
[INFO] Training complete in 657.3s (131.5ms/program)
