[INFO] ============================================================
[INFO] PRISM LATHE AI — FULL ARCHIVE DEEP LEARNING TRAINING
[INFO] Archive: H:/PRISM/JM DIE/CNC LATHE | Max: 20000 | Epochs: 50
[INFO] [Phase 1/5] Scanning archive for .MIN files...
[INFO]   Found: 16558 programs
[INFO] [Phase 2/5] Parsing programs (physics extraction)...
[DEBUG]   Parsed: 500/16558
[DEBUG]   Parsed: 1000/16558
[DEBUG]   Parsed: 1500/16558
[DEBUG]   Parsed: 2000/16558
[DEBUG]   Parsed: 2500/16558
[DEBUG]   Parsed: 3000/16558
[DEBUG]   Parsed: 3500/16558
[DEBUG]   Parsed: 4000/16558
[DEBUG]   Parsed: 4500/16558
[DEBUG]   Parsed: 5000/16558
[DEBUG]   Parsed: 5500/16558
[DEBUG]   Parsed: 6000/16558
[DEBUG]   Parsed: 6500/16558
[DEBUG]   Parsed: 7000/16558
[DEBUG]   Parsed: 7500/16558
[DEBUG]   Parsed: 8000/16558
[DEBUG]   Parsed: 8500/16558
[DEBUG]   Parsed: 9000/16558
[DEBUG]   Parsed: 9500/16558
[DEBUG]   Parsed: 10000/16558
[DEBUG]   Parsed: 10500/16558
[DEBUG]   Parsed: 11000/16558
[DEBUG]   Parsed: 11500/16558
[DEBUG]   Parsed: 12000/16558
[DEBUG]   Parsed: 12500/16558
[DEBUG]   Parsed: 13000/16558
[DEBUG]   Parsed: 13500/16558
[DEBUG]   Parsed: 14000/16558
[DEBUG]   Parsed: 14500/16558
[DEBUG]   Parsed: 15000/16558
[DEBUG]   Parsed: 15500/16558
[DEBUG]   Parsed: 16000/16558
[DEBUG]   Parsed: 16500/16558
[INFO]   Parsed: 16558 programs (0 errors)
[INFO] [Phase 3/5] Analyzing programs (physics validation)...
[DEBUG]   Analyzed: 500/16558
[DEBUG]   Analyzed: 1000/16558
[DEBUG]   Analyzed: 1500/16558
[DEBUG]   Analyzed: 2000/16558
[DEBUG]   Analyzed: 2500/16558
[DEBUG]   Analyzed: 3000/16558
[DEBUG]   Analyzed: 3500/16558
[DEBUG]   Analyzed: 4000/16558
[DEBUG]   Analyzed: 4500/16558
[DEBUG]   Analyzed: 5000/16558
[DEBUG]   Analyzed: 5500/16558
[DEBUG]   Analyzed: 6000/16558
[DEBUG]   Analyzed: 6500/16558
[DEBUG]   Analyzed: 7000/16558
[DEBUG]   Analyzed: 7500/16558
[DEBUG]   Analyzed: 8000/16558
[DEBUG]   Analyzed: 8500/16558
[DEBUG]   Analyzed: 9000/16558
[DEBUG]   Analyzed: 9500/16558
[DEBUG]   Analyzed: 10000/16558
[DEBUG]   Analyzed: 10500/16558
[DEBUG]   Analyzed: 11000/16558
[DEBUG]   Analyzed: 11500/16558
[DEBUG]   Analyzed: 12000/16558
[DEBUG]   Analyzed: 12500/16558
[DEBUG]   Analyzed: 13000/16558
[DEBUG]   Analyzed: 13500/16558
[DEBUG]   Analyzed: 14000/16558
[DEBUG]   Analyzed: 14500/16558
[DEBUG]   Analyzed: 15000/16558
[DEBUG]   Analyzed: 15500/16558
[DEBUG]   Analyzed: 16000/16558
[DEBUG]   Analyzed: 16500/16558
[INFO]   Analyzed: 16558 programs
[INFO] [Phase 4/5] Training neural networks...
[INFO]   Neural network accuracy: 0.0%
[INFO]   Patterns learned: 0
[INFO]   Knowledge graph nodes: 13332
[INFO] [Phase 5/5] Generating comprehensive report...
[INFO]   Report saved: H:\PRISM\JM DIE\lathe-ai-training-report.json
[INFO] Training complete in 460.4s (27.8ms/program)
