// Vitest Snapshot v1, https://vitest.dev/guide/snapshot.html

exports[`Mill MasterPost engines -- golden program snapshots (U-PP-MILL-GOLDEN-SNAPSHOT) > HaasNGC (VMC-03/04) emits a deterministic, byte-locked golden program 1`] = `
"%
O1002
(PRISM GENERATED)
(MACHINE: HAAS VF-2)
(MATERIAL - ISO P)
(T1|FACE TOOL|H1|D1|TOOL DIA. - 50.8000)
(T2|POCKET TOOL|H2|D2|TOOL DIA. - 12.7000)
N1 G21
N3 G0 G17 G40 G49 G80 G90
(OPERATION 1: FACE)
N5 T1 M6 (FACE TOOL)
N7 G0 G90 G54 X0.000 Y0.000 S877 M3
N9 G43 H1 Z2.500
N11 M8
N13 G0 X0.000 Y0.000 Z5.000
N15 G1 X0.000 Y0.000 Z-0.500 F200
N17 G1 X150.000 Y0.000 Z-0.500 F200
N19 M5
N21 G91 G28 Z0. M9
N23 M01
(OPERATION 2: POCKET)
N25 T2 M6 (POCKET TOOL)
N27 G0 G90 G54 X10.000 Y10.000 S3509 M3
N29 G43 H2 Z2.500
N31 M8
N33 G0 X10.000 Y10.000 Z5.000
N35 G1 X10.000 Y10.000 Z-3.000 F600
N37 G1 X60.000 Y10.000 Z-3.000 F600
N39 M5
N41 G91 G28 Z0. M9
(END OF PROGRAM)
N43 M5
N45 G91 G28 Z0.
N47 G28 X0. Y0.
N49 M30
%"
`;

exports[`Mill MasterPost engines -- golden program snapshots (U-PP-MILL-GOLDEN-SNAPSHOT) > HurcoV11 (VMC-01 VM30i WinMAX) emits a deterministic, byte-locked golden program 1`] = `
"O1103 (PRISM GENERATED)
(MACHINE: HURCO VMX24 - WINMAX V11)
(GENERATED: <MASKED>)

(SAFE START)
G21 (METRIC)
G90 G17 G40 G49 G80 G94 (ABSOLUTE, XY PLANE, CANCEL COMP, CANCEL CANNED, FEED/MIN)
G54 (WORK OFFSET)
(ULTIMOTION: G05.3 Pnn smoothing emitted inline per tool; to activate, verify the WinMax UI -- Settings > Performance > UltiMotion ON, Smoothing Tolerance ~0.005mm finish.)

(OPERATION 1: FACE)
G91 G28 Z0 (Z RETRACT)
T1 M06 (TOOL 1)
G05.3 P10 (T1 FINISH SMOOTHING)
G43 H1 (TOOL LENGTH COMP)
N100 S877 M03 F200 (SPINDLE CW 877 RPM)
M08 (FLOOD COOLANT)
G00 Z50 (RAPID TO SAFE Z)
G00 X0.000 Y0.000 Z5.000
G01 X0.000 Y0.000 Z-0.500 F200
G01 X150.000 Y0.000 Z-0.500 F200
G00 Z50 (RETRACT)

(END OF PROGRAM)
M05 (SPINDLE STOP)
M09 (COOLANT OFF)
G91 G28 Z0 (Z HOME)
G28 X0 Y0 (XY HOME)
M30 (PROGRAM END)
%"
`;

exports[`Mill MasterPost engines -- golden program snapshots (U-PP-MILL-GOLDEN-SNAPSHOT) > OkumaOSP (VMC-02 Genos M460V) emits a deterministic, byte-locked golden program 1`] = `
"O2003 (PRISM GENERATED)
(MACHINE: OKUMA OSP-P300M)
(GENERATED: <MASKED>)

(SAFE START)
G21
G90 G21 G17 G40 G80
G15 H1 (WORK OFFSET)

(OPERATION 1: FACE)
G91 G28 Z0
T1
M6
G43 H1 (TOOL 1)
N100 S877 M3 F200 (SPINDLE CW 877 RPM, FEED 200)
M8 (FLOOD COOLANT)
G0 Z50.000
G0 X0.000 Y0.000 Z5.000
G1 X0.000 Y0.000 Z-0.500 F200
G1 X150.000 Y0.000 Z-0.500 F200
G0 Z50.000

(END OF PROGRAM)
M5 (SPINDLE STOP)
M9 (COOLANT OFF)
G91 G28 Z0
G28 X0 Y0
M30"
`;

exports[`Mill MasterPost engines -- golden program snapshots (U-PP-MILL-GOLDEN-SNAPSHOT) > RokuRoku Fanuc-31i (VMC-05) emits a deterministic, byte-locked golden program 1`] = `
"%
O100
(PRISM GENERATED)
(MACHINE: ROKU-ROKU HC 658-II)
(CONTROL: FANUC 31i-B5)
(MATERIAL - ISO P)
(T1|ROUGH TOOL|H1|D1|TOOL DIA. - 10.0000)
N1 G21
N3 G0 G17 G40 G49 G80 G90
(OPERATION 1: ROUGH)
N5 T1 M6 (ROUGH TOOL)
N7 G0 G90 G54 X0.000 Y0.000 S3000 M3
N9 G43 H1 Z2.500
N11 M8
N13 G0 X0.000 Y0.000
N15 G1 X25.400 Y0.000 Z-2.000 F600
N17 M5
N19 G91 G28 Z0. M9
(END OF PROGRAM)
N21 M5
N23 G91 G28 Z0.
N25 G28 X0. Y0.
N27 M30
%"
`;
