// Vitest Snapshot v1, https://vitest.dev/guide/snapshot.html

exports[`OkumaB250LatheMasterPostEngine -- golden program snapshot (U-PP-LATHE-GOLDEN-SNAPSHOT) > emits a deterministic, byte-locked golden program for the LB250II-M baseline 1`] = `
"O0001 (PRISM LATHE)
(MACHINE: OKUMA LB250II-M OSP-P300L)
(GENERATED: <NORMALIZED>)

(SAFE START)
G28 U0 W0 (HOME POSITION)
G21 (METRIC)
G50 S3500 (MAX SPINDLE CLAMP)
G97 (CANCEL CSS FOR STARTUP)
G99 (FEED PER REV)
G54 (WORK OFFSET)

(OPERATION 1: OD_ROUGH)
G28 U0 W0 (HOME FOR TOOL CHANGE)
T010101 (TOOL 1)
G96 S200 M03 (CSS 200 M/MIN)
M08 (FLOOD COOLANT)
G42 (TOOL NOSE COMP RIGHT)
G85 NLAP0 D2 U0.5 W0.1 F0.25
NLAP0 G81
G00 X50.000
G01 Z0.000 F0.25
X48.000
Z-30.000
G80
G40 (CANCEL TOOL NOSE COMP)

(OPERATION 2: OD_FINISH)
G28 U0 W0 (HOME FOR TOOL CHANGE)
T020202 (TOOL 2)
G96 S240 M03 (CSS FINISH)
M08
G42
G00 X50.000 Z2.000
X48.000
G01 Z0.000 F0.12
X47.600 Z-30.000
G40

(OPERATION 3: FACE)
G28 U0 W0 (HOME FOR TOOL CHANGE)
T030303 (TOOL 3)
G96 S200 M03
M08
G00 X50.000 Z1.500
G01 Z0.500 F0.15
X-1.000 F0.15
G00 Z1.500

(OPERATION 4: PART_OFF)
G28 U0 W0 (HOME FOR TOOL CHANGE)
T040404 (TOOL 4)
G96 S84 M03 (REDUCED CSS FOR PART-OFF)
M08 (FLOOD COOLANT MANDATORY)
G00 X50.000 Z-30.000
G01 X0 F0.04
G4 F0.5 (DWELL AT CENTER)

(END OF PROGRAM)
M05 (SPINDLE STOP)
M09 (COOLANT OFF)
G28 U0 W0 (HOME)
M30 (PROGRAM END)"
`;
